[rank: 0] Seed set to 42
Processing...
Done!
Processing...
Done!
Processing...
Done!
Warning: You are sending unauthenticated requests to the HF Hub. Please set a HF_TOKEN to enable higher rate limits and faster downloads.
/mnt/tank/scratch/aartamonov/conda_envs/perovskite_screening/lib/python3.11/site-packages/matgl/utils/io.py:184: UserWarning: Incompatible model version detected! The code will continue to load the model but it is recommended that you provide a path to an updated model, increment your @model_version in model.json if you are confident that the changes are not problematic, or clear your ~/.matgl cache using `python -c "import matgl; matgl.clear_cache()"`
  _check_ver(cls_, v)  # Check version of any subclasses too.
/mnt/tank/scratch/aartamonov/conda_envs/perovskite_screening/lib/python3.11/site-packages/lightning/fabric/plugins/environments/slurm.py:204: The `srun` command is available on your system but is not used. HINT: If your intention is to run Lightning on SLURM, prepend your python command with `srun` like so: srun python /mnt/tank/scratch/aartamonov/itmo_nnchem/src/perovsk ...
GPU available: True (cuda), used: True
TPU available: False, using: 0 TPU cores
💡 Tip: For seamless cloud logging and experiment tracking, try installing [litlogger](https://pypi.org/project/litlogger/) to enable LitLogger, which logs metrics and artifacts automatically to the Lightning Experiments platform.
💡 Tip: For seamless cloud uploads and versioning, try installing [litmodels](https://pypi.org/project/litmodels/) to enable LitModelCheckpoint, which syncs automatically with the Lightning model registry.
You are using a CUDA device ('NVIDIA RTX A6000') that has Tensor Cores. To properly utilize them, you should set `torch.set_float32_matmul_precision('medium' | 'high')` which will trade-off precision for performance. For more details, read https://pytorch.org/docs/stable/generated/torch.set_float32_matmul_precision.html#torch.set_float32_matmul_precision
LOCAL_RANK: 0 - CUDA_VISIBLE_DEVICES: [0]
/mnt/tank/scratch/aartamonov/conda_envs/perovskite_screening/lib/python3.11/site-packages/lightning/pytorch/utilities/_pytree.py:21: `isinstance(treespec, LeafSpec)` is deprecated, use `isinstance(treespec, TreeSpec) and treespec.is_leaf()` instead.
/mnt/tank/scratch/aartamonov/conda_envs/perovskite_screening/lib/python3.11/site-packages/lightning/pytorch/trainer/connectors/data_connector.py:434: The 'val_dataloader' does not have many workers which may be a bottleneck. Consider increasing the value of the `num_workers` argument` to `num_workers=9` in the `DataLoader` to improve performance.
/mnt/tank/scratch/aartamonov/conda_envs/perovskite_screening/lib/python3.11/site-packages/lightning/pytorch/trainer/connectors/data_connector.py:434: The 'train_dataloader' does not have many workers which may be a bottleneck. Consider increasing the value of the `num_workers` argument` to `num_workers=9` in the `DataLoader` to improve performance.
`Trainer.fit` stopped: `max_epochs=100` reached.
Evaluating MatGL predict_structure on CPU to avoid CUDA/CPU device mismatch.
/mnt/tank/scratch/aartamonov/conda_envs/perovskite_screening/lib/python3.11/site-packages/matgl/graph/_converters_pyg.py:75: UserWarning: The given NumPy array is not writable, and PyTorch does not support non-writable tensors. This means writing to this tensor will result in undefined behavior. You may want to copy the array to protect its data or make it writable before converting it to a tensor. This type of warning will be suppressed for the rest of this program. (Triggered internally at /pytorch/torch/csrc/utils/tensor_numpy.cpp:213.)
  lattice = torch.as_tensor(lattice_matrix, dtype=matgl.float_th, device=device)
Evaluating MatGL predict_structure on CPU to avoid CUDA/CPU device mismatch.
[rank: 0] Seed set to 42
Processing...
Done!
Processing...
Done!
Processing...
Done!
/mnt/tank/scratch/aartamonov/conda_envs/perovskite_screening/lib/python3.11/site-packages/matgl/utils/io.py:184: UserWarning: Incompatible model version detected! The code will continue to load the model but it is recommended that you provide a path to an updated model, increment your @model_version in model.json if you are confident that the changes are not problematic, or clear your ~/.matgl cache using `python -c "import matgl; matgl.clear_cache()"`
  _check_ver(cls_, v)  # Check version of any subclasses too.
/mnt/tank/scratch/aartamonov/conda_envs/perovskite_screening/lib/python3.11/site-packages/lightning/fabric/plugins/environments/slurm.py:204: The `srun` command is available on your system but is not used. HINT: If your intention is to run Lightning on SLURM, prepend your python command with `srun` like so: srun python /mnt/tank/scratch/aartamonov/itmo_nnchem/src/perovsk ...
GPU available: True (cuda), used: True
TPU available: False, using: 0 TPU cores
💡 Tip: For seamless cloud logging and experiment tracking, try installing [litlogger](https://pypi.org/project/litlogger/) to enable LitLogger, which logs metrics and artifacts automatically to the Lightning Experiments platform.
💡 Tip: For seamless cloud uploads and versioning, try installing [litmodels](https://pypi.org/project/litmodels/) to enable LitModelCheckpoint, which syncs automatically with the Lightning model registry.
LOCAL_RANK: 0 - CUDA_VISIBLE_DEVICES: [0]
/mnt/tank/scratch/aartamonov/conda_envs/perovskite_screening/lib/python3.11/site-packages/lightning/pytorch/utilities/_pytree.py:21: `isinstance(treespec, LeafSpec)` is deprecated, use `isinstance(treespec, TreeSpec) and treespec.is_leaf()` instead.
/mnt/tank/scratch/aartamonov/conda_envs/perovskite_screening/lib/python3.11/site-packages/lightning/pytorch/trainer/connectors/data_connector.py:434: The 'val_dataloader' does not have many workers which may be a bottleneck. Consider increasing the value of the `num_workers` argument` to `num_workers=9` in the `DataLoader` to improve performance.
/mnt/tank/scratch/aartamonov/conda_envs/perovskite_screening/lib/python3.11/site-packages/lightning/pytorch/trainer/connectors/data_connector.py:434: The 'train_dataloader' does not have many workers which may be a bottleneck. Consider increasing the value of the `num_workers` argument` to `num_workers=9` in the `DataLoader` to improve performance.
`Trainer.fit` stopped: `max_epochs=100` reached.
Evaluating MatGL predict_structure on CPU to avoid CUDA/CPU device mismatch.
Evaluating MatGL predict_structure on CPU to avoid CUDA/CPU device mismatch.
[rank: 0] Seed set to 42
Processing...
Done!
Processing...
Done!
Processing...
Done!
/mnt/tank/scratch/aartamonov/conda_envs/perovskite_screening/lib/python3.11/site-packages/matgl/utils/io.py:184: UserWarning: Incompatible model version detected! The code will continue to load the model but it is recommended that you provide a path to an updated model, increment your @model_version in model.json if you are confident that the changes are not problematic, or clear your ~/.matgl cache using `python -c "import matgl; matgl.clear_cache()"`
  _check_ver(cls_, v)  # Check version of any subclasses too.
/mnt/tank/scratch/aartamonov/conda_envs/perovskite_screening/lib/python3.11/site-packages/lightning/fabric/plugins/environments/slurm.py:204: The `srun` command is available on your system but is not used. HINT: If your intention is to run Lightning on SLURM, prepend your python command with `srun` like so: srun python /mnt/tank/scratch/aartamonov/itmo_nnchem/src/perovsk ...
GPU available: True (cuda), used: True
TPU available: False, using: 0 TPU cores
💡 Tip: For seamless cloud logging and experiment tracking, try installing [litlogger](https://pypi.org/project/litlogger/) to enable LitLogger, which logs metrics and artifacts automatically to the Lightning Experiments platform.
💡 Tip: For seamless cloud uploads and versioning, try installing [litmodels](https://pypi.org/project/litmodels/) to enable LitModelCheckpoint, which syncs automatically with the Lightning model registry.
LOCAL_RANK: 0 - CUDA_VISIBLE_DEVICES: [0]
/mnt/tank/scratch/aartamonov/conda_envs/perovskite_screening/lib/python3.11/site-packages/lightning/pytorch/utilities/_pytree.py:21: `isinstance(treespec, LeafSpec)` is deprecated, use `isinstance(treespec, TreeSpec) and treespec.is_leaf()` instead.
/mnt/tank/scratch/aartamonov/conda_envs/perovskite_screening/lib/python3.11/site-packages/lightning/pytorch/trainer/connectors/data_connector.py:434: The 'val_dataloader' does not have many workers which may be a bottleneck. Consider increasing the value of the `num_workers` argument` to `num_workers=9` in the `DataLoader` to improve performance.
/mnt/tank/scratch/aartamonov/conda_envs/perovskite_screening/lib/python3.11/site-packages/lightning/pytorch/trainer/connectors/data_connector.py:434: The 'train_dataloader' does not have many workers which may be a bottleneck. Consider increasing the value of the `num_workers` argument` to `num_workers=9` in the `DataLoader` to improve performance.
`Trainer.fit` stopped: `max_epochs=100` reached.
Evaluating MatGL predict_structure on CPU to avoid CUDA/CPU device mismatch.
Evaluating MatGL predict_structure on CPU to avoid CUDA/CPU device mismatch.
[rank: 0] Seed set to 42
Processing...
Done!
Processing...
Done!
Processing...
Done!
/mnt/tank/scratch/aartamonov/conda_envs/perovskite_screening/lib/python3.11/site-packages/matgl/utils/io.py:184: UserWarning: Incompatible model version detected! The code will continue to load the model but it is recommended that you provide a path to an updated model, increment your @model_version in model.json if you are confident that the changes are not problematic, or clear your ~/.matgl cache using `python -c "import matgl; matgl.clear_cache()"`
  _check_ver(cls_, v)  # Check version of any subclasses too.
/mnt/tank/scratch/aartamonov/conda_envs/perovskite_screening/lib/python3.11/site-packages/lightning/fabric/plugins/environments/slurm.py:204: The `srun` command is available on your system but is not used. HINT: If your intention is to run Lightning on SLURM, prepend your python command with `srun` like so: srun python /mnt/tank/scratch/aartamonov/itmo_nnchem/src/perovsk ...
GPU available: True (cuda), used: True
TPU available: False, using: 0 TPU cores
💡 Tip: For seamless cloud logging and experiment tracking, try installing [litlogger](https://pypi.org/project/litlogger/) to enable LitLogger, which logs metrics and artifacts automatically to the Lightning Experiments platform.
💡 Tip: For seamless cloud uploads and versioning, try installing [litmodels](https://pypi.org/project/litmodels/) to enable LitModelCheckpoint, which syncs automatically with the Lightning model registry.
LOCAL_RANK: 0 - CUDA_VISIBLE_DEVICES: [0]
/mnt/tank/scratch/aartamonov/conda_envs/perovskite_screening/lib/python3.11/site-packages/lightning/pytorch/utilities/_pytree.py:21: `isinstance(treespec, LeafSpec)` is deprecated, use `isinstance(treespec, TreeSpec) and treespec.is_leaf()` instead.
/mnt/tank/scratch/aartamonov/conda_envs/perovskite_screening/lib/python3.11/site-packages/lightning/pytorch/trainer/connectors/data_connector.py:434: The 'val_dataloader' does not have many workers which may be a bottleneck. Consider increasing the value of the `num_workers` argument` to `num_workers=9` in the `DataLoader` to improve performance.
/mnt/tank/scratch/aartamonov/conda_envs/perovskite_screening/lib/python3.11/site-packages/lightning/pytorch/trainer/connectors/data_connector.py:434: The 'train_dataloader' does not have many workers which may be a bottleneck. Consider increasing the value of the `num_workers` argument` to `num_workers=9` in the `DataLoader` to improve performance.
`Trainer.fit` stopped: `max_epochs=100` reached.
Evaluating MatGL predict_structure on CPU to avoid CUDA/CPU device mismatch.
Evaluating MatGL predict_structure on CPU to avoid CUDA/CPU device mismatch.
[rank: 0] Seed set to 43
Processing...
Done!
Processing...
Done!
Processing...
Done!
/mnt/tank/scratch/aartamonov/conda_envs/perovskite_screening/lib/python3.11/site-packages/matgl/utils/io.py:184: UserWarning: Incompatible model version detected! The code will continue to load the model but it is recommended that you provide a path to an updated model, increment your @model_version in model.json if you are confident that the changes are not problematic, or clear your ~/.matgl cache using `python -c "import matgl; matgl.clear_cache()"`
  _check_ver(cls_, v)  # Check version of any subclasses too.
/mnt/tank/scratch/aartamonov/conda_envs/perovskite_screening/lib/python3.11/site-packages/lightning/fabric/plugins/environments/slurm.py:204: The `srun` command is available on your system but is not used. HINT: If your intention is to run Lightning on SLURM, prepend your python command with `srun` like so: srun python /mnt/tank/scratch/aartamonov/itmo_nnchem/src/perovsk ...
GPU available: True (cuda), used: True
TPU available: False, using: 0 TPU cores
💡 Tip: For seamless cloud logging and experiment tracking, try installing [litlogger](https://pypi.org/project/litlogger/) to enable LitLogger, which logs metrics and artifacts automatically to the Lightning Experiments platform.
💡 Tip: For seamless cloud uploads and versioning, try installing [litmodels](https://pypi.org/project/litmodels/) to enable LitModelCheckpoint, which syncs automatically with the Lightning model registry.
LOCAL_RANK: 0 - CUDA_VISIBLE_DEVICES: [0]
/mnt/tank/scratch/aartamonov/conda_envs/perovskite_screening/lib/python3.11/site-packages/lightning/pytorch/utilities/_pytree.py:21: `isinstance(treespec, LeafSpec)` is deprecated, use `isinstance(treespec, TreeSpec) and treespec.is_leaf()` instead.
/mnt/tank/scratch/aartamonov/conda_envs/perovskite_screening/lib/python3.11/site-packages/lightning/pytorch/trainer/connectors/data_connector.py:434: The 'val_dataloader' does not have many workers which may be a bottleneck. Consider increasing the value of the `num_workers` argument` to `num_workers=9` in the `DataLoader` to improve performance.
/mnt/tank/scratch/aartamonov/conda_envs/perovskite_screening/lib/python3.11/site-packages/lightning/pytorch/trainer/connectors/data_connector.py:434: The 'train_dataloader' does not have many workers which may be a bottleneck. Consider increasing the value of the `num_workers` argument` to `num_workers=9` in the `DataLoader` to improve performance.
`Trainer.fit` stopped: `max_epochs=100` reached.
Evaluating MatGL predict_structure on CPU to avoid CUDA/CPU device mismatch.
Evaluating MatGL predict_structure on CPU to avoid CUDA/CPU device mismatch.
[rank: 0] Seed set to 43
Processing...
Done!
Processing...
Done!
Processing...
Done!
/mnt/tank/scratch/aartamonov/conda_envs/perovskite_screening/lib/python3.11/site-packages/matgl/utils/io.py:184: UserWarning: Incompatible model version detected! The code will continue to load the model but it is recommended that you provide a path to an updated model, increment your @model_version in model.json if you are confident that the changes are not problematic, or clear your ~/.matgl cache using `python -c "import matgl; matgl.clear_cache()"`
  _check_ver(cls_, v)  # Check version of any subclasses too.
/mnt/tank/scratch/aartamonov/conda_envs/perovskite_screening/lib/python3.11/site-packages/lightning/fabric/plugins/environments/slurm.py:204: The `srun` command is available on your system but is not used. HINT: If your intention is to run Lightning on SLURM, prepend your python command with `srun` like so: srun python /mnt/tank/scratch/aartamonov/itmo_nnchem/src/perovsk ...
GPU available: True (cuda), used: True
TPU available: False, using: 0 TPU cores
💡 Tip: For seamless cloud logging and experiment tracking, try installing [litlogger](https://pypi.org/project/litlogger/) to enable LitLogger, which logs metrics and artifacts automatically to the Lightning Experiments platform.
💡 Tip: For seamless cloud uploads and versioning, try installing [litmodels](https://pypi.org/project/litmodels/) to enable LitModelCheckpoint, which syncs automatically with the Lightning model registry.
LOCAL_RANK: 0 - CUDA_VISIBLE_DEVICES: [0]
/mnt/tank/scratch/aartamonov/conda_envs/perovskite_screening/lib/python3.11/site-packages/lightning/pytorch/utilities/_pytree.py:21: `isinstance(treespec, LeafSpec)` is deprecated, use `isinstance(treespec, TreeSpec) and treespec.is_leaf()` instead.
/mnt/tank/scratch/aartamonov/conda_envs/perovskite_screening/lib/python3.11/site-packages/lightning/pytorch/trainer/connectors/data_connector.py:434: The 'val_dataloader' does not have many workers which may be a bottleneck. Consider increasing the value of the `num_workers` argument` to `num_workers=9` in the `DataLoader` to improve performance.
/mnt/tank/scratch/aartamonov/conda_envs/perovskite_screening/lib/python3.11/site-packages/lightning/pytorch/trainer/connectors/data_connector.py:434: The 'train_dataloader' does not have many workers which may be a bottleneck. Consider increasing the value of the `num_workers` argument` to `num_workers=9` in the `DataLoader` to improve performance.
`Trainer.fit` stopped: `max_epochs=100` reached.
Evaluating MatGL predict_structure on CPU to avoid CUDA/CPU device mismatch.
Evaluating MatGL predict_structure on CPU to avoid CUDA/CPU device mismatch.
[rank: 0] Seed set to 43
Processing...
Done!
Processing...
Done!
Processing...
Done!
/mnt/tank/scratch/aartamonov/conda_envs/perovskite_screening/lib/python3.11/site-packages/matgl/utils/io.py:184: UserWarning: Incompatible model version detected! The code will continue to load the model but it is recommended that you provide a path to an updated model, increment your @model_version in model.json if you are confident that the changes are not problematic, or clear your ~/.matgl cache using `python -c "import matgl; matgl.clear_cache()"`
  _check_ver(cls_, v)  # Check version of any subclasses too.
/mnt/tank/scratch/aartamonov/conda_envs/perovskite_screening/lib/python3.11/site-packages/lightning/fabric/plugins/environments/slurm.py:204: The `srun` command is available on your system but is not used. HINT: If your intention is to run Lightning on SLURM, prepend your python command with `srun` like so: srun python /mnt/tank/scratch/aartamonov/itmo_nnchem/src/perovsk ...
GPU available: True (cuda), used: True
TPU available: False, using: 0 TPU cores
💡 Tip: For seamless cloud logging and experiment tracking, try installing [litlogger](https://pypi.org/project/litlogger/) to enable LitLogger, which logs metrics and artifacts automatically to the Lightning Experiments platform.
💡 Tip: For seamless cloud uploads and versioning, try installing [litmodels](https://pypi.org/project/litmodels/) to enable LitModelCheckpoint, which syncs automatically with the Lightning model registry.
LOCAL_RANK: 0 - CUDA_VISIBLE_DEVICES: [0]
/mnt/tank/scratch/aartamonov/conda_envs/perovskite_screening/lib/python3.11/site-packages/lightning/pytorch/utilities/_pytree.py:21: `isinstance(treespec, LeafSpec)` is deprecated, use `isinstance(treespec, TreeSpec) and treespec.is_leaf()` instead.
/mnt/tank/scratch/aartamonov/conda_envs/perovskite_screening/lib/python3.11/site-packages/lightning/pytorch/trainer/connectors/data_connector.py:434: The 'val_dataloader' does not have many workers which may be a bottleneck. Consider increasing the value of the `num_workers` argument` to `num_workers=9` in the `DataLoader` to improve performance.
/mnt/tank/scratch/aartamonov/conda_envs/perovskite_screening/lib/python3.11/site-packages/lightning/pytorch/trainer/connectors/data_connector.py:434: The 'train_dataloader' does not have many workers which may be a bottleneck. Consider increasing the value of the `num_workers` argument` to `num_workers=9` in the `DataLoader` to improve performance.
`Trainer.fit` stopped: `max_epochs=100` reached.
Evaluating MatGL predict_structure on CPU to avoid CUDA/CPU device mismatch.
Evaluating MatGL predict_structure on CPU to avoid CUDA/CPU device mismatch.
[rank: 0] Seed set to 43
Processing...
Done!
Processing...
Done!
Processing...
Done!
/mnt/tank/scratch/aartamonov/conda_envs/perovskite_screening/lib/python3.11/site-packages/matgl/utils/io.py:184: UserWarning: Incompatible model version detected! The code will continue to load the model but it is recommended that you provide a path to an updated model, increment your @model_version in model.json if you are confident that the changes are not problematic, or clear your ~/.matgl cache using `python -c "import matgl; matgl.clear_cache()"`
  _check_ver(cls_, v)  # Check version of any subclasses too.
/mnt/tank/scratch/aartamonov/conda_envs/perovskite_screening/lib/python3.11/site-packages/lightning/fabric/plugins/environments/slurm.py:204: The `srun` command is available on your system but is not used. HINT: If your intention is to run Lightning on SLURM, prepend your python command with `srun` like so: srun python /mnt/tank/scratch/aartamonov/itmo_nnchem/src/perovsk ...
GPU available: True (cuda), used: True
TPU available: False, using: 0 TPU cores
💡 Tip: For seamless cloud logging and experiment tracking, try installing [litlogger](https://pypi.org/project/litlogger/) to enable LitLogger, which logs metrics and artifacts automatically to the Lightning Experiments platform.
💡 Tip: For seamless cloud uploads and versioning, try installing [litmodels](https://pypi.org/project/litmodels/) to enable LitModelCheckpoint, which syncs automatically with the Lightning model registry.
LOCAL_RANK: 0 - CUDA_VISIBLE_DEVICES: [0]
/mnt/tank/scratch/aartamonov/conda_envs/perovskite_screening/lib/python3.11/site-packages/lightning/pytorch/utilities/_pytree.py:21: `isinstance(treespec, LeafSpec)` is deprecated, use `isinstance(treespec, TreeSpec) and treespec.is_leaf()` instead.
/mnt/tank/scratch/aartamonov/conda_envs/perovskite_screening/lib/python3.11/site-packages/lightning/pytorch/trainer/connectors/data_connector.py:434: The 'val_dataloader' does not have many workers which may be a bottleneck. Consider increasing the value of the `num_workers` argument` to `num_workers=9` in the `DataLoader` to improve performance.
/mnt/tank/scratch/aartamonov/conda_envs/perovskite_screening/lib/python3.11/site-packages/lightning/pytorch/trainer/connectors/data_connector.py:434: The 'train_dataloader' does not have many workers which may be a bottleneck. Consider increasing the value of the `num_workers` argument` to `num_workers=9` in the `DataLoader` to improve performance.
`Trainer.fit` stopped: `max_epochs=100` reached.
Evaluating MatGL predict_structure on CPU to avoid CUDA/CPU device mismatch.
Evaluating MatGL predict_structure on CPU to avoid CUDA/CPU device mismatch.
[rank: 0] Seed set to 44
Processing...
Done!
Processing...
Done!
Processing...
Done!
/mnt/tank/scratch/aartamonov/conda_envs/perovskite_screening/lib/python3.11/site-packages/matgl/utils/io.py:184: UserWarning: Incompatible model version detected! The code will continue to load the model but it is recommended that you provide a path to an updated model, increment your @model_version in model.json if you are confident that the changes are not problematic, or clear your ~/.matgl cache using `python -c "import matgl; matgl.clear_cache()"`
  _check_ver(cls_, v)  # Check version of any subclasses too.
/mnt/tank/scratch/aartamonov/conda_envs/perovskite_screening/lib/python3.11/site-packages/lightning/fabric/plugins/environments/slurm.py:204: The `srun` command is available on your system but is not used. HINT: If your intention is to run Lightning on SLURM, prepend your python command with `srun` like so: srun python /mnt/tank/scratch/aartamonov/itmo_nnchem/src/perovsk ...
GPU available: True (cuda), used: True
TPU available: False, using: 0 TPU cores
💡 Tip: For seamless cloud logging and experiment tracking, try installing [litlogger](https://pypi.org/project/litlogger/) to enable LitLogger, which logs metrics and artifacts automatically to the Lightning Experiments platform.
💡 Tip: For seamless cloud uploads and versioning, try installing [litmodels](https://pypi.org/project/litmodels/) to enable LitModelCheckpoint, which syncs automatically with the Lightning model registry.
LOCAL_RANK: 0 - CUDA_VISIBLE_DEVICES: [0]
/mnt/tank/scratch/aartamonov/conda_envs/perovskite_screening/lib/python3.11/site-packages/lightning/pytorch/utilities/_pytree.py:21: `isinstance(treespec, LeafSpec)` is deprecated, use `isinstance(treespec, TreeSpec) and treespec.is_leaf()` instead.
/mnt/tank/scratch/aartamonov/conda_envs/perovskite_screening/lib/python3.11/site-packages/lightning/pytorch/trainer/connectors/data_connector.py:434: The 'val_dataloader' does not have many workers which may be a bottleneck. Consider increasing the value of the `num_workers` argument` to `num_workers=9` in the `DataLoader` to improve performance.
/mnt/tank/scratch/aartamonov/conda_envs/perovskite_screening/lib/python3.11/site-packages/lightning/pytorch/trainer/connectors/data_connector.py:434: The 'train_dataloader' does not have many workers which may be a bottleneck. Consider increasing the value of the `num_workers` argument` to `num_workers=9` in the `DataLoader` to improve performance.
`Trainer.fit` stopped: `max_epochs=100` reached.
Evaluating MatGL predict_structure on CPU to avoid CUDA/CPU device mismatch.
Evaluating MatGL predict_structure on CPU to avoid CUDA/CPU device mismatch.
[rank: 0] Seed set to 44
Processing...
Done!
Processing...
Done!
Processing...
Done!
/mnt/tank/scratch/aartamonov/conda_envs/perovskite_screening/lib/python3.11/site-packages/matgl/utils/io.py:184: UserWarning: Incompatible model version detected! The code will continue to load the model but it is recommended that you provide a path to an updated model, increment your @model_version in model.json if you are confident that the changes are not problematic, or clear your ~/.matgl cache using `python -c "import matgl; matgl.clear_cache()"`
  _check_ver(cls_, v)  # Check version of any subclasses too.
/mnt/tank/scratch/aartamonov/conda_envs/perovskite_screening/lib/python3.11/site-packages/lightning/fabric/plugins/environments/slurm.py:204: The `srun` command is available on your system but is not used. HINT: If your intention is to run Lightning on SLURM, prepend your python command with `srun` like so: srun python /mnt/tank/scratch/aartamonov/itmo_nnchem/src/perovsk ...
GPU available: True (cuda), used: True
TPU available: False, using: 0 TPU cores
💡 Tip: For seamless cloud logging and experiment tracking, try installing [litlogger](https://pypi.org/project/litlogger/) to enable LitLogger, which logs metrics and artifacts automatically to the Lightning Experiments platform.
💡 Tip: For seamless cloud uploads and versioning, try installing [litmodels](https://pypi.org/project/litmodels/) to enable LitModelCheckpoint, which syncs automatically with the Lightning model registry.
LOCAL_RANK: 0 - CUDA_VISIBLE_DEVICES: [0]
/mnt/tank/scratch/aartamonov/conda_envs/perovskite_screening/lib/python3.11/site-packages/lightning/pytorch/utilities/_pytree.py:21: `isinstance(treespec, LeafSpec)` is deprecated, use `isinstance(treespec, TreeSpec) and treespec.is_leaf()` instead.
/mnt/tank/scratch/aartamonov/conda_envs/perovskite_screening/lib/python3.11/site-packages/lightning/pytorch/trainer/connectors/data_connector.py:434: The 'val_dataloader' does not have many workers which may be a bottleneck. Consider increasing the value of the `num_workers` argument` to `num_workers=9` in the `DataLoader` to improve performance.
/mnt/tank/scratch/aartamonov/conda_envs/perovskite_screening/lib/python3.11/site-packages/lightning/pytorch/trainer/connectors/data_connector.py:434: The 'train_dataloader' does not have many workers which may be a bottleneck. Consider increasing the value of the `num_workers` argument` to `num_workers=9` in the `DataLoader` to improve performance.
`Trainer.fit` stopped: `max_epochs=100` reached.
Evaluating MatGL predict_structure on CPU to avoid CUDA/CPU device mismatch.
Evaluating MatGL predict_structure on CPU to avoid CUDA/CPU device mismatch.
[rank: 0] Seed set to 44
Processing...
Done!
Processing...
Done!
Processing...
Done!
/mnt/tank/scratch/aartamonov/conda_envs/perovskite_screening/lib/python3.11/site-packages/matgl/utils/io.py:184: UserWarning: Incompatible model version detected! The code will continue to load the model but it is recommended that you provide a path to an updated model, increment your @model_version in model.json if you are confident that the changes are not problematic, or clear your ~/.matgl cache using `python -c "import matgl; matgl.clear_cache()"`
  _check_ver(cls_, v)  # Check version of any subclasses too.
/mnt/tank/scratch/aartamonov/conda_envs/perovskite_screening/lib/python3.11/site-packages/lightning/fabric/plugins/environments/slurm.py:204: The `srun` command is available on your system but is not used. HINT: If your intention is to run Lightning on SLURM, prepend your python command with `srun` like so: srun python /mnt/tank/scratch/aartamonov/itmo_nnchem/src/perovsk ...
GPU available: True (cuda), used: True
TPU available: False, using: 0 TPU cores
💡 Tip: For seamless cloud logging and experiment tracking, try installing [litlogger](https://pypi.org/project/litlogger/) to enable LitLogger, which logs metrics and artifacts automatically to the Lightning Experiments platform.
💡 Tip: For seamless cloud uploads and versioning, try installing [litmodels](https://pypi.org/project/litmodels/) to enable LitModelCheckpoint, which syncs automatically with the Lightning model registry.
LOCAL_RANK: 0 - CUDA_VISIBLE_DEVICES: [0]
/mnt/tank/scratch/aartamonov/conda_envs/perovskite_screening/lib/python3.11/site-packages/lightning/pytorch/utilities/_pytree.py:21: `isinstance(treespec, LeafSpec)` is deprecated, use `isinstance(treespec, TreeSpec) and treespec.is_leaf()` instead.
/mnt/tank/scratch/aartamonov/conda_envs/perovskite_screening/lib/python3.11/site-packages/lightning/pytorch/trainer/connectors/data_connector.py:434: The 'val_dataloader' does not have many workers which may be a bottleneck. Consider increasing the value of the `num_workers` argument` to `num_workers=9` in the `DataLoader` to improve performance.
/mnt/tank/scratch/aartamonov/conda_envs/perovskite_screening/lib/python3.11/site-packages/lightning/pytorch/trainer/connectors/data_connector.py:434: The 'train_dataloader' does not have many workers which may be a bottleneck. Consider increasing the value of the `num_workers` argument` to `num_workers=9` in the `DataLoader` to improve performance.
`Trainer.fit` stopped: `max_epochs=100` reached.
Evaluating MatGL predict_structure on CPU to avoid CUDA/CPU device mismatch.
Evaluating MatGL predict_structure on CPU to avoid CUDA/CPU device mismatch.
[rank: 0] Seed set to 44
Processing...
Done!
Processing...
Done!
Processing...
Done!
/mnt/tank/scratch/aartamonov/conda_envs/perovskite_screening/lib/python3.11/site-packages/matgl/utils/io.py:184: UserWarning: Incompatible model version detected! The code will continue to load the model but it is recommended that you provide a path to an updated model, increment your @model_version in model.json if you are confident that the changes are not problematic, or clear your ~/.matgl cache using `python -c "import matgl; matgl.clear_cache()"`
  _check_ver(cls_, v)  # Check version of any subclasses too.
/mnt/tank/scratch/aartamonov/conda_envs/perovskite_screening/lib/python3.11/site-packages/lightning/fabric/plugins/environments/slurm.py:204: The `srun` command is available on your system but is not used. HINT: If your intention is to run Lightning on SLURM, prepend your python command with `srun` like so: srun python /mnt/tank/scratch/aartamonov/itmo_nnchem/src/perovsk ...
GPU available: True (cuda), used: True
TPU available: False, using: 0 TPU cores
💡 Tip: For seamless cloud logging and experiment tracking, try installing [litlogger](https://pypi.org/project/litlogger/) to enable LitLogger, which logs metrics and artifacts automatically to the Lightning Experiments platform.
💡 Tip: For seamless cloud uploads and versioning, try installing [litmodels](https://pypi.org/project/litmodels/) to enable LitModelCheckpoint, which syncs automatically with the Lightning model registry.
LOCAL_RANK: 0 - CUDA_VISIBLE_DEVICES: [0]
/mnt/tank/scratch/aartamonov/conda_envs/perovskite_screening/lib/python3.11/site-packages/lightning/pytorch/utilities/_pytree.py:21: `isinstance(treespec, LeafSpec)` is deprecated, use `isinstance(treespec, TreeSpec) and treespec.is_leaf()` instead.
/mnt/tank/scratch/aartamonov/conda_envs/perovskite_screening/lib/python3.11/site-packages/lightning/pytorch/trainer/connectors/data_connector.py:434: The 'val_dataloader' does not have many workers which may be a bottleneck. Consider increasing the value of the `num_workers` argument` to `num_workers=9` in the `DataLoader` to improve performance.
/mnt/tank/scratch/aartamonov/conda_envs/perovskite_screening/lib/python3.11/site-packages/lightning/pytorch/trainer/connectors/data_connector.py:434: The 'train_dataloader' does not have many workers which may be a bottleneck. Consider increasing the value of the `num_workers` argument` to `num_workers=9` in the `DataLoader` to improve performance.
`Trainer.fit` stopped: `max_epochs=100` reached.
Evaluating MatGL predict_structure on CPU to avoid CUDA/CPU device mismatch.
Evaluating MatGL predict_structure on CPU to avoid CUDA/CPU device mismatch.
[rank: 0] Seed set to 42
Processing...
Done!
Processing...
Done!
Processing...
Done!
/mnt/tank/scratch/aartamonov/conda_envs/perovskite_screening/lib/python3.11/site-packages/matgl/utils/io.py:184: UserWarning: Incompatible model version detected! The code will continue to load the model but it is recommended that you provide a path to an updated model, increment your @model_version in model.json if you are confident that the changes are not problematic, or clear your ~/.matgl cache using `python -c "import matgl; matgl.clear_cache()"`
  _check_ver(cls_, v)  # Check version of any subclasses too.
/mnt/tank/scratch/aartamonov/conda_envs/perovskite_screening/lib/python3.11/site-packages/lightning/fabric/plugins/environments/slurm.py:204: The `srun` command is available on your system but is not used. HINT: If your intention is to run Lightning on SLURM, prepend your python command with `srun` like so: srun python /mnt/tank/scratch/aartamonov/itmo_nnchem/src/perovsk ...
GPU available: True (cuda), used: True
TPU available: False, using: 0 TPU cores
💡 Tip: For seamless cloud logging and experiment tracking, try installing [litlogger](https://pypi.org/project/litlogger/) to enable LitLogger, which logs metrics and artifacts automatically to the Lightning Experiments platform.
💡 Tip: For seamless cloud uploads and versioning, try installing [litmodels](https://pypi.org/project/litmodels/) to enable LitModelCheckpoint, which syncs automatically with the Lightning model registry.
You are using a CUDA device ('NVIDIA RTX A6000') that has Tensor Cores. To properly utilize them, you should set `torch.set_float32_matmul_precision('medium' | 'high')` which will trade-off precision for performance. For more details, read https://pytorch.org/docs/stable/generated/torch.set_float32_matmul_precision.html#torch.set_float32_matmul_precision
LOCAL_RANK: 0 - CUDA_VISIBLE_DEVICES: [0]
/mnt/tank/scratch/aartamonov/conda_envs/perovskite_screening/lib/python3.11/site-packages/lightning/pytorch/utilities/_pytree.py:21: `isinstance(treespec, LeafSpec)` is deprecated, use `isinstance(treespec, TreeSpec) and treespec.is_leaf()` instead.
/mnt/tank/scratch/aartamonov/conda_envs/perovskite_screening/lib/python3.11/site-packages/lightning/pytorch/trainer/connectors/data_connector.py:434: The 'val_dataloader' does not have many workers which may be a bottleneck. Consider increasing the value of the `num_workers` argument` to `num_workers=9` in the `DataLoader` to improve performance.
/mnt/tank/scratch/aartamonov/conda_envs/perovskite_screening/lib/python3.11/site-packages/lightning/pytorch/trainer/connectors/data_connector.py:434: The 'train_dataloader' does not have many workers which may be a bottleneck. Consider increasing the value of the `num_workers` argument` to `num_workers=9` in the `DataLoader` to improve performance.
`Trainer.fit` stopped: `max_epochs=100` reached.
Evaluating MatGL predict_structure on CPU to avoid CUDA/CPU device mismatch.
/mnt/tank/scratch/aartamonov/conda_envs/perovskite_screening/lib/python3.11/site-packages/matgl/graph/_converters_pyg.py:75: UserWarning: The given NumPy array is not writable, and PyTorch does not support non-writable tensors. This means writing to this tensor will result in undefined behavior. You may want to copy the array to protect its data or make it writable before converting it to a tensor. This type of warning will be suppressed for the rest of this program. (Triggered internally at /pytorch/torch/csrc/utils/tensor_numpy.cpp:213.)
  lattice = torch.as_tensor(lattice_matrix, dtype=matgl.float_th, device=device)
Evaluating MatGL predict_structure on CPU to avoid CUDA/CPU device mismatch.
[rank: 0] Seed set to 42
Processing...
Done!
Processing...
Done!
Processing...
Done!
Warning: You are sending unauthenticated requests to the HF Hub. Please set a HF_TOKEN to enable higher rate limits and faster downloads.
/mnt/tank/scratch/aartamonov/conda_envs/perovskite_screening/lib/python3.11/site-packages/matgl/utils/io.py:184: UserWarning: Incompatible model version detected! The code will continue to load the model but it is recommended that you provide a path to an updated model, increment your @model_version in model.json if you are confident that the changes are not problematic, or clear your ~/.matgl cache using `python -c "import matgl; matgl.clear_cache()"`
  _check_ver(cls_, v)  # Check version of any subclasses too.
/mnt/tank/scratch/aartamonov/conda_envs/perovskite_screening/lib/python3.11/site-packages/lightning/fabric/plugins/environments/slurm.py:204: The `srun` command is available on your system but is not used. HINT: If your intention is to run Lightning on SLURM, prepend your python command with `srun` like so: srun python /mnt/tank/scratch/aartamonov/itmo_nnchem/src/perovsk ...
GPU available: True (cuda), used: True
TPU available: False, using: 0 TPU cores
💡 Tip: For seamless cloud logging and experiment tracking, try installing [litlogger](https://pypi.org/project/litlogger/) to enable LitLogger, which logs metrics and artifacts automatically to the Lightning Experiments platform.
💡 Tip: For seamless cloud uploads and versioning, try installing [litmodels](https://pypi.org/project/litmodels/) to enable LitModelCheckpoint, which syncs automatically with the Lightning model registry.
LOCAL_RANK: 0 - CUDA_VISIBLE_DEVICES: [0]
/mnt/tank/scratch/aartamonov/conda_envs/perovskite_screening/lib/python3.11/site-packages/lightning/pytorch/utilities/_pytree.py:21: `isinstance(treespec, LeafSpec)` is deprecated, use `isinstance(treespec, TreeSpec) and treespec.is_leaf()` instead.
/mnt/tank/scratch/aartamonov/conda_envs/perovskite_screening/lib/python3.11/site-packages/lightning/pytorch/trainer/connectors/data_connector.py:434: The 'val_dataloader' does not have many workers which may be a bottleneck. Consider increasing the value of the `num_workers` argument` to `num_workers=9` in the `DataLoader` to improve performance.
/mnt/tank/scratch/aartamonov/conda_envs/perovskite_screening/lib/python3.11/site-packages/lightning/pytorch/trainer/connectors/data_connector.py:434: The 'train_dataloader' does not have many workers which may be a bottleneck. Consider increasing the value of the `num_workers` argument` to `num_workers=9` in the `DataLoader` to improve performance.
`Trainer.fit` stopped: `max_epochs=100` reached.
Evaluating MatGL predict_structure on CPU to avoid CUDA/CPU device mismatch.
Evaluating MatGL predict_structure on CPU to avoid CUDA/CPU device mismatch.
[rank: 0] Seed set to 42
Processing...
Done!
Processing...
Done!
Processing...
Done!
/mnt/tank/scratch/aartamonov/conda_envs/perovskite_screening/lib/python3.11/site-packages/matgl/utils/io.py:184: UserWarning: Incompatible model version detected! The code will continue to load the model but it is recommended that you provide a path to an updated model, increment your @model_version in model.json if you are confident that the changes are not problematic, or clear your ~/.matgl cache using `python -c "import matgl; matgl.clear_cache()"`
  _check_ver(cls_, v)  # Check version of any subclasses too.
/mnt/tank/scratch/aartamonov/conda_envs/perovskite_screening/lib/python3.11/site-packages/lightning/fabric/plugins/environments/slurm.py:204: The `srun` command is available on your system but is not used. HINT: If your intention is to run Lightning on SLURM, prepend your python command with `srun` like so: srun python /mnt/tank/scratch/aartamonov/itmo_nnchem/src/perovsk ...
GPU available: True (cuda), used: True
TPU available: False, using: 0 TPU cores
💡 Tip: For seamless cloud logging and experiment tracking, try installing [litlogger](https://pypi.org/project/litlogger/) to enable LitLogger, which logs metrics and artifacts automatically to the Lightning Experiments platform.
💡 Tip: For seamless cloud uploads and versioning, try installing [litmodels](https://pypi.org/project/litmodels/) to enable LitModelCheckpoint, which syncs automatically with the Lightning model registry.
LOCAL_RANK: 0 - CUDA_VISIBLE_DEVICES: [0]
/mnt/tank/scratch/aartamonov/conda_envs/perovskite_screening/lib/python3.11/site-packages/lightning/pytorch/utilities/_pytree.py:21: `isinstance(treespec, LeafSpec)` is deprecated, use `isinstance(treespec, TreeSpec) and treespec.is_leaf()` instead.
/mnt/tank/scratch/aartamonov/conda_envs/perovskite_screening/lib/python3.11/site-packages/lightning/pytorch/trainer/connectors/data_connector.py:434: The 'val_dataloader' does not have many workers which may be a bottleneck. Consider increasing the value of the `num_workers` argument` to `num_workers=9` in the `DataLoader` to improve performance.
/mnt/tank/scratch/aartamonov/conda_envs/perovskite_screening/lib/python3.11/site-packages/lightning/pytorch/trainer/connectors/data_connector.py:434: The 'train_dataloader' does not have many workers which may be a bottleneck. Consider increasing the value of the `num_workers` argument` to `num_workers=9` in the `DataLoader` to improve performance.
`Trainer.fit` stopped: `max_epochs=100` reached.
Evaluating MatGL predict_structure on CPU to avoid CUDA/CPU device mismatch.
Evaluating MatGL predict_structure on CPU to avoid CUDA/CPU device mismatch.
[rank: 0] Seed set to 42
Processing...
Done!
Processing...
Done!
Processing...
Done!
/mnt/tank/scratch/aartamonov/conda_envs/perovskite_screening/lib/python3.11/site-packages/matgl/utils/io.py:184: UserWarning: Incompatible model version detected! The code will continue to load the model but it is recommended that you provide a path to an updated model, increment your @model_version in model.json if you are confident that the changes are not problematic, or clear your ~/.matgl cache using `python -c "import matgl; matgl.clear_cache()"`
  _check_ver(cls_, v)  # Check version of any subclasses too.
/mnt/tank/scratch/aartamonov/conda_envs/perovskite_screening/lib/python3.11/site-packages/lightning/fabric/plugins/environments/slurm.py:204: The `srun` command is available on your system but is not used. HINT: If your intention is to run Lightning on SLURM, prepend your python command with `srun` like so: srun python /mnt/tank/scratch/aartamonov/itmo_nnchem/src/perovsk ...
GPU available: True (cuda), used: True
TPU available: False, using: 0 TPU cores
💡 Tip: For seamless cloud logging and experiment tracking, try installing [litlogger](https://pypi.org/project/litlogger/) to enable LitLogger, which logs metrics and artifacts automatically to the Lightning Experiments platform.
💡 Tip: For seamless cloud uploads and versioning, try installing [litmodels](https://pypi.org/project/litmodels/) to enable LitModelCheckpoint, which syncs automatically with the Lightning model registry.
LOCAL_RANK: 0 - CUDA_VISIBLE_DEVICES: [0]
/mnt/tank/scratch/aartamonov/conda_envs/perovskite_screening/lib/python3.11/site-packages/lightning/pytorch/utilities/_pytree.py:21: `isinstance(treespec, LeafSpec)` is deprecated, use `isinstance(treespec, TreeSpec) and treespec.is_leaf()` instead.
/mnt/tank/scratch/aartamonov/conda_envs/perovskite_screening/lib/python3.11/site-packages/lightning/pytorch/trainer/connectors/data_connector.py:434: The 'val_dataloader' does not have many workers which may be a bottleneck. Consider increasing the value of the `num_workers` argument` to `num_workers=9` in the `DataLoader` to improve performance.
/mnt/tank/scratch/aartamonov/conda_envs/perovskite_screening/lib/python3.11/site-packages/lightning/pytorch/trainer/connectors/data_connector.py:434: The 'train_dataloader' does not have many workers which may be a bottleneck. Consider increasing the value of the `num_workers` argument` to `num_workers=9` in the `DataLoader` to improve performance.
`Trainer.fit` stopped: `max_epochs=100` reached.
Evaluating MatGL predict_structure on CPU to avoid CUDA/CPU device mismatch.
Evaluating MatGL predict_structure on CPU to avoid CUDA/CPU device mismatch.
[rank: 0] Seed set to 43
Processing...
Done!
Processing...
Done!
Processing...
Done!
/mnt/tank/scratch/aartamonov/conda_envs/perovskite_screening/lib/python3.11/site-packages/matgl/utils/io.py:184: UserWarning: Incompatible model version detected! The code will continue to load the model but it is recommended that you provide a path to an updated model, increment your @model_version in model.json if you are confident that the changes are not problematic, or clear your ~/.matgl cache using `python -c "import matgl; matgl.clear_cache()"`
  _check_ver(cls_, v)  # Check version of any subclasses too.
/mnt/tank/scratch/aartamonov/conda_envs/perovskite_screening/lib/python3.11/site-packages/lightning/fabric/plugins/environments/slurm.py:204: The `srun` command is available on your system but is not used. HINT: If your intention is to run Lightning on SLURM, prepend your python command with `srun` like so: srun python /mnt/tank/scratch/aartamonov/itmo_nnchem/src/perovsk ...
GPU available: True (cuda), used: True
TPU available: False, using: 0 TPU cores
💡 Tip: For seamless cloud logging and experiment tracking, try installing [litlogger](https://pypi.org/project/litlogger/) to enable LitLogger, which logs metrics and artifacts automatically to the Lightning Experiments platform.
💡 Tip: For seamless cloud uploads and versioning, try installing [litmodels](https://pypi.org/project/litmodels/) to enable LitModelCheckpoint, which syncs automatically with the Lightning model registry.
LOCAL_RANK: 0 - CUDA_VISIBLE_DEVICES: [0]
/mnt/tank/scratch/aartamonov/conda_envs/perovskite_screening/lib/python3.11/site-packages/lightning/pytorch/utilities/_pytree.py:21: `isinstance(treespec, LeafSpec)` is deprecated, use `isinstance(treespec, TreeSpec) and treespec.is_leaf()` instead.
/mnt/tank/scratch/aartamonov/conda_envs/perovskite_screening/lib/python3.11/site-packages/lightning/pytorch/trainer/connectors/data_connector.py:434: The 'val_dataloader' does not have many workers which may be a bottleneck. Consider increasing the value of the `num_workers` argument` to `num_workers=9` in the `DataLoader` to improve performance.
/mnt/tank/scratch/aartamonov/conda_envs/perovskite_screening/lib/python3.11/site-packages/lightning/pytorch/trainer/connectors/data_connector.py:434: The 'train_dataloader' does not have many workers which may be a bottleneck. Consider increasing the value of the `num_workers` argument` to `num_workers=9` in the `DataLoader` to improve performance.
`Trainer.fit` stopped: `max_epochs=100` reached.
Evaluating MatGL predict_structure on CPU to avoid CUDA/CPU device mismatch.
Evaluating MatGL predict_structure on CPU to avoid CUDA/CPU device mismatch.
[rank: 0] Seed set to 43
Processing...
Done!
Processing...
Done!
Processing...
Done!
/mnt/tank/scratch/aartamonov/conda_envs/perovskite_screening/lib/python3.11/site-packages/matgl/utils/io.py:184: UserWarning: Incompatible model version detected! The code will continue to load the model but it is recommended that you provide a path to an updated model, increment your @model_version in model.json if you are confident that the changes are not problematic, or clear your ~/.matgl cache using `python -c "import matgl; matgl.clear_cache()"`
  _check_ver(cls_, v)  # Check version of any subclasses too.
/mnt/tank/scratch/aartamonov/conda_envs/perovskite_screening/lib/python3.11/site-packages/lightning/fabric/plugins/environments/slurm.py:204: The `srun` command is available on your system but is not used. HINT: If your intention is to run Lightning on SLURM, prepend your python command with `srun` like so: srun python /mnt/tank/scratch/aartamonov/itmo_nnchem/src/perovsk ...
GPU available: True (cuda), used: True
TPU available: False, using: 0 TPU cores
💡 Tip: For seamless cloud logging and experiment tracking, try installing [litlogger](https://pypi.org/project/litlogger/) to enable LitLogger, which logs metrics and artifacts automatically to the Lightning Experiments platform.
💡 Tip: For seamless cloud uploads and versioning, try installing [litmodels](https://pypi.org/project/litmodels/) to enable LitModelCheckpoint, which syncs automatically with the Lightning model registry.
LOCAL_RANK: 0 - CUDA_VISIBLE_DEVICES: [0]
/mnt/tank/scratch/aartamonov/conda_envs/perovskite_screening/lib/python3.11/site-packages/lightning/pytorch/utilities/_pytree.py:21: `isinstance(treespec, LeafSpec)` is deprecated, use `isinstance(treespec, TreeSpec) and treespec.is_leaf()` instead.
/mnt/tank/scratch/aartamonov/conda_envs/perovskite_screening/lib/python3.11/site-packages/lightning/pytorch/trainer/connectors/data_connector.py:434: The 'val_dataloader' does not have many workers which may be a bottleneck. Consider increasing the value of the `num_workers` argument` to `num_workers=9` in the `DataLoader` to improve performance.
/mnt/tank/scratch/aartamonov/conda_envs/perovskite_screening/lib/python3.11/site-packages/lightning/pytorch/trainer/connectors/data_connector.py:434: The 'train_dataloader' does not have many workers which may be a bottleneck. Consider increasing the value of the `num_workers` argument` to `num_workers=9` in the `DataLoader` to improve performance.
`Trainer.fit` stopped: `max_epochs=100` reached.
Evaluating MatGL predict_structure on CPU to avoid CUDA/CPU device mismatch.
Evaluating MatGL predict_structure on CPU to avoid CUDA/CPU device mismatch.
[rank: 0] Seed set to 43
Processing...
Done!
Processing...
Done!
Processing...
Done!
/mnt/tank/scratch/aartamonov/conda_envs/perovskite_screening/lib/python3.11/site-packages/matgl/utils/io.py:184: UserWarning: Incompatible model version detected! The code will continue to load the model but it is recommended that you provide a path to an updated model, increment your @model_version in model.json if you are confident that the changes are not problematic, or clear your ~/.matgl cache using `python -c "import matgl; matgl.clear_cache()"`
  _check_ver(cls_, v)  # Check version of any subclasses too.
/mnt/tank/scratch/aartamonov/conda_envs/perovskite_screening/lib/python3.11/site-packages/lightning/fabric/plugins/environments/slurm.py:204: The `srun` command is available on your system but is not used. HINT: If your intention is to run Lightning on SLURM, prepend your python command with `srun` like so: srun python /mnt/tank/scratch/aartamonov/itmo_nnchem/src/perovsk ...
GPU available: True (cuda), used: True
TPU available: False, using: 0 TPU cores
💡 Tip: For seamless cloud logging and experiment tracking, try installing [litlogger](https://pypi.org/project/litlogger/) to enable LitLogger, which logs metrics and artifacts automatically to the Lightning Experiments platform.
💡 Tip: For seamless cloud uploads and versioning, try installing [litmodels](https://pypi.org/project/litmodels/) to enable LitModelCheckpoint, which syncs automatically with the Lightning model registry.
LOCAL_RANK: 0 - CUDA_VISIBLE_DEVICES: [0]
/mnt/tank/scratch/aartamonov/conda_envs/perovskite_screening/lib/python3.11/site-packages/lightning/pytorch/utilities/_pytree.py:21: `isinstance(treespec, LeafSpec)` is deprecated, use `isinstance(treespec, TreeSpec) and treespec.is_leaf()` instead.
/mnt/tank/scratch/aartamonov/conda_envs/perovskite_screening/lib/python3.11/site-packages/lightning/pytorch/trainer/connectors/data_connector.py:434: The 'val_dataloader' does not have many workers which may be a bottleneck. Consider increasing the value of the `num_workers` argument` to `num_workers=9` in the `DataLoader` to improve performance.
/mnt/tank/scratch/aartamonov/conda_envs/perovskite_screening/lib/python3.11/site-packages/lightning/pytorch/trainer/connectors/data_connector.py:434: The 'train_dataloader' does not have many workers which may be a bottleneck. Consider increasing the value of the `num_workers` argument` to `num_workers=9` in the `DataLoader` to improve performance.
`Trainer.fit` stopped: `max_epochs=100` reached.
Evaluating MatGL predict_structure on CPU to avoid CUDA/CPU device mismatch.
Evaluating MatGL predict_structure on CPU to avoid CUDA/CPU device mismatch.
[rank: 0] Seed set to 43
Processing...
Done!
Processing...
Done!
Processing...
Done!
/mnt/tank/scratch/aartamonov/conda_envs/perovskite_screening/lib/python3.11/site-packages/matgl/utils/io.py:184: UserWarning: Incompatible model version detected! The code will continue to load the model but it is recommended that you provide a path to an updated model, increment your @model_version in model.json if you are confident that the changes are not problematic, or clear your ~/.matgl cache using `python -c "import matgl; matgl.clear_cache()"`
  _check_ver(cls_, v)  # Check version of any subclasses too.
/mnt/tank/scratch/aartamonov/conda_envs/perovskite_screening/lib/python3.11/site-packages/lightning/fabric/plugins/environments/slurm.py:204: The `srun` command is available on your system but is not used. HINT: If your intention is to run Lightning on SLURM, prepend your python command with `srun` like so: srun python /mnt/tank/scratch/aartamonov/itmo_nnchem/src/perovsk ...
GPU available: True (cuda), used: True
TPU available: False, using: 0 TPU cores
💡 Tip: For seamless cloud logging and experiment tracking, try installing [litlogger](https://pypi.org/project/litlogger/) to enable LitLogger, which logs metrics and artifacts automatically to the Lightning Experiments platform.
💡 Tip: For seamless cloud uploads and versioning, try installing [litmodels](https://pypi.org/project/litmodels/) to enable LitModelCheckpoint, which syncs automatically with the Lightning model registry.
LOCAL_RANK: 0 - CUDA_VISIBLE_DEVICES: [0]
/mnt/tank/scratch/aartamonov/conda_envs/perovskite_screening/lib/python3.11/site-packages/lightning/pytorch/utilities/_pytree.py:21: `isinstance(treespec, LeafSpec)` is deprecated, use `isinstance(treespec, TreeSpec) and treespec.is_leaf()` instead.
/mnt/tank/scratch/aartamonov/conda_envs/perovskite_screening/lib/python3.11/site-packages/lightning/pytorch/trainer/connectors/data_connector.py:434: The 'val_dataloader' does not have many workers which may be a bottleneck. Consider increasing the value of the `num_workers` argument` to `num_workers=9` in the `DataLoader` to improve performance.
/mnt/tank/scratch/aartamonov/conda_envs/perovskite_screening/lib/python3.11/site-packages/lightning/pytorch/trainer/connectors/data_connector.py:434: The 'train_dataloader' does not have many workers which may be a bottleneck. Consider increasing the value of the `num_workers` argument` to `num_workers=9` in the `DataLoader` to improve performance.
`Trainer.fit` stopped: `max_epochs=100` reached.
Evaluating MatGL predict_structure on CPU to avoid CUDA/CPU device mismatch.
Evaluating MatGL predict_structure on CPU to avoid CUDA/CPU device mismatch.
[rank: 0] Seed set to 44
Processing...
Done!
Processing...
Done!
Processing...
Done!
/mnt/tank/scratch/aartamonov/conda_envs/perovskite_screening/lib/python3.11/site-packages/matgl/utils/io.py:184: UserWarning: Incompatible model version detected! The code will continue to load the model but it is recommended that you provide a path to an updated model, increment your @model_version in model.json if you are confident that the changes are not problematic, or clear your ~/.matgl cache using `python -c "import matgl; matgl.clear_cache()"`
  _check_ver(cls_, v)  # Check version of any subclasses too.
/mnt/tank/scratch/aartamonov/conda_envs/perovskite_screening/lib/python3.11/site-packages/lightning/fabric/plugins/environments/slurm.py:204: The `srun` command is available on your system but is not used. HINT: If your intention is to run Lightning on SLURM, prepend your python command with `srun` like so: srun python /mnt/tank/scratch/aartamonov/itmo_nnchem/src/perovsk ...
GPU available: True (cuda), used: True
TPU available: False, using: 0 TPU cores
💡 Tip: For seamless cloud logging and experiment tracking, try installing [litlogger](https://pypi.org/project/litlogger/) to enable LitLogger, which logs metrics and artifacts automatically to the Lightning Experiments platform.
💡 Tip: For seamless cloud uploads and versioning, try installing [litmodels](https://pypi.org/project/litmodels/) to enable LitModelCheckpoint, which syncs automatically with the Lightning model registry.
LOCAL_RANK: 0 - CUDA_VISIBLE_DEVICES: [0]
/mnt/tank/scratch/aartamonov/conda_envs/perovskite_screening/lib/python3.11/site-packages/lightning/pytorch/utilities/_pytree.py:21: `isinstance(treespec, LeafSpec)` is deprecated, use `isinstance(treespec, TreeSpec) and treespec.is_leaf()` instead.
/mnt/tank/scratch/aartamonov/conda_envs/perovskite_screening/lib/python3.11/site-packages/lightning/pytorch/trainer/connectors/data_connector.py:434: The 'val_dataloader' does not have many workers which may be a bottleneck. Consider increasing the value of the `num_workers` argument` to `num_workers=9` in the `DataLoader` to improve performance.
/mnt/tank/scratch/aartamonov/conda_envs/perovskite_screening/lib/python3.11/site-packages/lightning/pytorch/trainer/connectors/data_connector.py:434: The 'train_dataloader' does not have many workers which may be a bottleneck. Consider increasing the value of the `num_workers` argument` to `num_workers=9` in the `DataLoader` to improve performance.
`Trainer.fit` stopped: `max_epochs=100` reached.
Evaluating MatGL predict_structure on CPU to avoid CUDA/CPU device mismatch.
Evaluating MatGL predict_structure on CPU to avoid CUDA/CPU device mismatch.
[rank: 0] Seed set to 44
Processing...
Done!
Processing...
Done!
Processing...
Done!
/mnt/tank/scratch/aartamonov/conda_envs/perovskite_screening/lib/python3.11/site-packages/matgl/utils/io.py:184: UserWarning: Incompatible model version detected! The code will continue to load the model but it is recommended that you provide a path to an updated model, increment your @model_version in model.json if you are confident that the changes are not problematic, or clear your ~/.matgl cache using `python -c "import matgl; matgl.clear_cache()"`
  _check_ver(cls_, v)  # Check version of any subclasses too.
/mnt/tank/scratch/aartamonov/conda_envs/perovskite_screening/lib/python3.11/site-packages/lightning/fabric/plugins/environments/slurm.py:204: The `srun` command is available on your system but is not used. HINT: If your intention is to run Lightning on SLURM, prepend your python command with `srun` like so: srun python /mnt/tank/scratch/aartamonov/itmo_nnchem/src/perovsk ...
GPU available: True (cuda), used: True
TPU available: False, using: 0 TPU cores
💡 Tip: For seamless cloud logging and experiment tracking, try installing [litlogger](https://pypi.org/project/litlogger/) to enable LitLogger, which logs metrics and artifacts automatically to the Lightning Experiments platform.
💡 Tip: For seamless cloud uploads and versioning, try installing [litmodels](https://pypi.org/project/litmodels/) to enable LitModelCheckpoint, which syncs automatically with the Lightning model registry.
LOCAL_RANK: 0 - CUDA_VISIBLE_DEVICES: [0]
/mnt/tank/scratch/aartamonov/conda_envs/perovskite_screening/lib/python3.11/site-packages/lightning/pytorch/utilities/_pytree.py:21: `isinstance(treespec, LeafSpec)` is deprecated, use `isinstance(treespec, TreeSpec) and treespec.is_leaf()` instead.
/mnt/tank/scratch/aartamonov/conda_envs/perovskite_screening/lib/python3.11/site-packages/lightning/pytorch/trainer/connectors/data_connector.py:434: The 'val_dataloader' does not have many workers which may be a bottleneck. Consider increasing the value of the `num_workers` argument` to `num_workers=9` in the `DataLoader` to improve performance.
/mnt/tank/scratch/aartamonov/conda_envs/perovskite_screening/lib/python3.11/site-packages/lightning/pytorch/trainer/connectors/data_connector.py:434: The 'train_dataloader' does not have many workers which may be a bottleneck. Consider increasing the value of the `num_workers` argument` to `num_workers=9` in the `DataLoader` to improve performance.
`Trainer.fit` stopped: `max_epochs=100` reached.
Evaluating MatGL predict_structure on CPU to avoid CUDA/CPU device mismatch.
Evaluating MatGL predict_structure on CPU to avoid CUDA/CPU device mismatch.
[rank: 0] Seed set to 44
Processing...
Done!
Processing...
Done!
Processing...
Done!
/mnt/tank/scratch/aartamonov/conda_envs/perovskite_screening/lib/python3.11/site-packages/matgl/utils/io.py:184: UserWarning: Incompatible model version detected! The code will continue to load the model but it is recommended that you provide a path to an updated model, increment your @model_version in model.json if you are confident that the changes are not problematic, or clear your ~/.matgl cache using `python -c "import matgl; matgl.clear_cache()"`
  _check_ver(cls_, v)  # Check version of any subclasses too.
/mnt/tank/scratch/aartamonov/conda_envs/perovskite_screening/lib/python3.11/site-packages/lightning/fabric/plugins/environments/slurm.py:204: The `srun` command is available on your system but is not used. HINT: If your intention is to run Lightning on SLURM, prepend your python command with `srun` like so: srun python /mnt/tank/scratch/aartamonov/itmo_nnchem/src/perovsk ...
GPU available: True (cuda), used: True
TPU available: False, using: 0 TPU cores
💡 Tip: For seamless cloud logging and experiment tracking, try installing [litlogger](https://pypi.org/project/litlogger/) to enable LitLogger, which logs metrics and artifacts automatically to the Lightning Experiments platform.
💡 Tip: For seamless cloud uploads and versioning, try installing [litmodels](https://pypi.org/project/litmodels/) to enable LitModelCheckpoint, which syncs automatically with the Lightning model registry.
LOCAL_RANK: 0 - CUDA_VISIBLE_DEVICES: [0]
/mnt/tank/scratch/aartamonov/conda_envs/perovskite_screening/lib/python3.11/site-packages/lightning/pytorch/utilities/_pytree.py:21: `isinstance(treespec, LeafSpec)` is deprecated, use `isinstance(treespec, TreeSpec) and treespec.is_leaf()` instead.
/mnt/tank/scratch/aartamonov/conda_envs/perovskite_screening/lib/python3.11/site-packages/lightning/pytorch/trainer/connectors/data_connector.py:434: The 'val_dataloader' does not have many workers which may be a bottleneck. Consider increasing the value of the `num_workers` argument` to `num_workers=9` in the `DataLoader` to improve performance.
/mnt/tank/scratch/aartamonov/conda_envs/perovskite_screening/lib/python3.11/site-packages/lightning/pytorch/trainer/connectors/data_connector.py:434: The 'train_dataloader' does not have many workers which may be a bottleneck. Consider increasing the value of the `num_workers` argument` to `num_workers=9` in the `DataLoader` to improve performance.
`Trainer.fit` stopped: `max_epochs=100` reached.
Evaluating MatGL predict_structure on CPU to avoid CUDA/CPU device mismatch.
Evaluating MatGL predict_structure on CPU to avoid CUDA/CPU device mismatch.
[rank: 0] Seed set to 44
Processing...
Done!
Processing...
Done!
Processing...
Done!
/mnt/tank/scratch/aartamonov/conda_envs/perovskite_screening/lib/python3.11/site-packages/matgl/utils/io.py:184: UserWarning: Incompatible model version detected! The code will continue to load the model but it is recommended that you provide a path to an updated model, increment your @model_version in model.json if you are confident that the changes are not problematic, or clear your ~/.matgl cache using `python -c "import matgl; matgl.clear_cache()"`
  _check_ver(cls_, v)  # Check version of any subclasses too.
/mnt/tank/scratch/aartamonov/conda_envs/perovskite_screening/lib/python3.11/site-packages/lightning/fabric/plugins/environments/slurm.py:204: The `srun` command is available on your system but is not used. HINT: If your intention is to run Lightning on SLURM, prepend your python command with `srun` like so: srun python /mnt/tank/scratch/aartamonov/itmo_nnchem/src/perovsk ...
GPU available: True (cuda), used: True
TPU available: False, using: 0 TPU cores
💡 Tip: For seamless cloud logging and experiment tracking, try installing [litlogger](https://pypi.org/project/litlogger/) to enable LitLogger, which logs metrics and artifacts automatically to the Lightning Experiments platform.
💡 Tip: For seamless cloud uploads and versioning, try installing [litmodels](https://pypi.org/project/litmodels/) to enable LitModelCheckpoint, which syncs automatically with the Lightning model registry.
LOCAL_RANK: 0 - CUDA_VISIBLE_DEVICES: [0]
/mnt/tank/scratch/aartamonov/conda_envs/perovskite_screening/lib/python3.11/site-packages/lightning/pytorch/utilities/_pytree.py:21: `isinstance(treespec, LeafSpec)` is deprecated, use `isinstance(treespec, TreeSpec) and treespec.is_leaf()` instead.
/mnt/tank/scratch/aartamonov/conda_envs/perovskite_screening/lib/python3.11/site-packages/lightning/pytorch/trainer/connectors/data_connector.py:434: The 'val_dataloader' does not have many workers which may be a bottleneck. Consider increasing the value of the `num_workers` argument` to `num_workers=9` in the `DataLoader` to improve performance.
/mnt/tank/scratch/aartamonov/conda_envs/perovskite_screening/lib/python3.11/site-packages/lightning/pytorch/trainer/connectors/data_connector.py:434: The 'train_dataloader' does not have many workers which may be a bottleneck. Consider increasing the value of the `num_workers` argument` to `num_workers=9` in the `DataLoader` to improve performance.
`Trainer.fit` stopped: `max_epochs=100` reached.
Evaluating MatGL predict_structure on CPU to avoid CUDA/CPU device mismatch.
Evaluating MatGL predict_structure on CPU to avoid CUDA/CPU device mismatch.
